09:56:43   init | 使用默认文本，未加载翻译。
09:56:43 √ runQml | Added QML import path: C:\Users\felji\PycharmProjects\Umi-OCR\.venv\lib\site-packages\PySide6\qml
09:56:44 √ __init__ | [SystemTrayConnector] 初始化完成, available: True
09:56:44   setIconSource | [SystemTrayConnector] 图标路径: ../images/icons/umiocr.ico -> C:\Users\felji\PycharmProjects\Umi-OCR\resources\images\icons\umiocr.ico
09:56:44 √ setIconSource | [SystemTrayConnector] 图标已加载: C:\Users\felji\PycharmProjects\Umi-OCR\resources\images\icons\umiocr.ico
09:56:44   init | 主题管理器初始化完毕！ ThemeManager_QMLTYPE_48(0x21fd4c144a0)
09:56:44   handleConfigItem | ui.i18n 取默认值 zh_CN
09:56:44   handleConfigItem | ui.opengl 取默认值 AA_UseSoftwareOpenGL
09:56:44   handleConfigItem | developer.textScale 取默认值 1
09:56:44   ()=>{} | ui.fontBtn 更新设置UI为undefined
09:56:44   ()=>{} | logs.btns 更新设置UI为undefined
09:56:44   setVisible | [SystemTrayConnector] setVisible: 显示托盘
09:56:44 √ change_save_log_level | 设置保存日志级别： ERROR
09:56:44   reload | % 加载配置 Global ！
09:56:44   expression for onCompleted | GlobalConfig 初始化全局配置完毕！
09:56:44   addMenuItem | [SystemTrayConnector] 添加菜单项: 打开主窗口 -> <<mainWin.open>>
09:56:44   addMenuItem | [SystemTrayConnector] 添加菜单项: 退出 Umi-OCR -> <<mainWin.quit>>
09:56:44   loadGeometry | 读取窗口位置 697 343 800 500 0 true
09:56:44 ? ()=>{} | Final member focus is overridden in class ResultTextContainer_QMLTYPE_161. The override won't be used.
09:56:44   __init__ | py控制器 ScreenshotOCR_1 实例化！
09:56:44 ? ()=>{} | eventSub@file:///C:/Users/felji/PycharmProjects/Umi-OCR/resources/TabPages/ScreenshotOCR/ScreenshotOCR.qml:153
09:56:44 ? ()=>{} | Too many arguments, ignoring 1
09:56:44   addMenuItem | [SystemTrayConnector] 添加菜单项: 屏幕功能 -> <<screenshot>>
09:56:44 ? ()=>{} | eventSub@file:///C:/Users/felji/PycharmProjects/Umi-OCR/resources/TabPages/ScreenshotOCR/ScreenshotOCR.qml:154
09:56:44 ? ()=>{} | Too many arguments, ignoring 1
09:56:44   addMenuItem | [SystemTrayConnector] 添加菜单项: 粘贴图片 -> <<paste>>
09:56:44   reload | % 加载配置 ScreenshotOCR ！
09:56:44 √ ()=>{} | OpenType support missing for "Microsoft YaHei", script 16
09:56:45 √ ()=>{} | OpenType support missing for "Tahoma", script 16
09:56:45 √ ()=>{} | OpenType support missing for "SimSun", script 16
09:56:45 √ ()=>{} | OpenType support missing for "Arial", script 16
09:56:45 √ ()=>{} | OpenType support missing for "MS UI Gothic", script 16
09:56:45 √ ()=>{} | OpenType support missing for "Segoe UI Emoji", script 16
09:56:45 √ ()=>{} | OpenType support missing for "Segoe UI Symbol", script 16
09:56:45 √ ()=>{} | OpenType support missing for "Microsoft YaHei", script 16
09:56:45 √ ()=>{} | OpenType support missing for "Tahoma", script 16
09:56:45 √ ()=>{} | OpenType support missing for "SimSun", script 16
09:56:45 √ ()=>{} | OpenType support missing for "Arial", script 16
09:56:45 √ ()=>{} | OpenType support missing for "MS UI Gothic", script 16
09:56:45 √ ()=>{} | OpenType support missing for "Segoe UI Emoji", script 16
09:56:45 √ ()=>{} | OpenType support missing for "Segoe UI Symbol", script 16
09:56:45   init | TabViewManager 初始化页面完毕！
Bottle v0.12.25 server starting up (using _WSGIRefServer())...
09:56:45 ? ()=>{} | file:///C:/Users/felji/PycharmProjects/Umi-OCR/resources/MainWindow/SystemTray.qml:560070560: RangeError: Maximum call stack size exceeded. (exception occurred during delayed function evaluation)
09:56:45 √ run | Listening on http://127.0.0.1:1224
09:56:45 √ ()=>{} | OpenType support missing for "Microsoft YaHei", script 16
09:56:45 √ ()=>{} | OpenType support missing for "Tahoma", script 16
09:56:45 √ ()=>{} | OpenType support missing for "SimSun", script 16
09:56:45 √ ()=>{} | OpenType support missing for "Arial", script 16
09:56:45 √ ()=>{} | OpenType support missing for "MS UI Gothic", script 16
09:56:45 √ ()=>{} | OpenType support missing for "Segoe UI Emoji", script 16
09:56:45 √ ()=>{} | OpenType support missing for "Segoe UI Symbol", script 16
09:56:45 √ ()=>{} | OpenType support missing for "Microsoft YaHei", script 16
09:56:45 √ ()=>{} | OpenType support missing for "Tahoma", script 16
09:56:45 √ ()=>{} | OpenType support missing for "SimSun", script 16
09:56:45 √ ()=>{} | OpenType support missing for "Arial", script 16
09:56:45 √ ()=>{} | OpenType support missing for "MS UI Gothic", script 16
09:56:45 √ ()=>{} | OpenType support missing for "Segoe UI Emoji", script 16
09:56:45 √ ()=>{} | OpenType support missing for "Segoe UI Symbol", script 16
09:56:51 ? ()=>{} | file:///C:/Users/felji/PycharmProjects/Umi-OCR/resources/MainWindow/SystemTray.qml:560070480: RangeError: Maximum call stack size exceeded.
09:56:51 √ onTriggered | [SystemTrayConnector] 菜单项被点击: <<mainWin.quit>>
09:56:51 √ onTriggered | [SystemTrayConnector] 尝试退出应用
09:56:51 × onTriggered | [SystemTrayConnector] 菜单项点击失败: 'PySide6.QtQuick.QQuickItem' object has no attribute 'mainWin'
Traceback (most recent call last):
  File "C:\Users\felji\PycharmProjects\Umi-OCR\src\utils\system_tray_connector.py", line 233, in onTriggered
    main_win = self._qmlapp.mainWin
AttributeError: 'PySide6.QtQuick.QQuickItem' object has no attribute 'mainWin'
09:56:52 ? ()=>{} | file:///C:/Users/felji/PycharmProjects/Umi-OCR/resources/MainWindow/SystemTray.qml:560070480: RangeError: Maximum call stack size exceeded.
09:56:53 √ onTriggered | [SystemTrayConnector] 菜单项被点击: <<screenshot>>
09:56:53 × onTriggered | [SystemTrayConnector] 菜单项点击失败: 'PySide6.QtQuick.QQuickItem' object has no attribute 'pubSub'
Traceback (most recent call last):
  File "C:\Users\felji\PycharmProjects\Umi-OCR\src\utils\system_tray_connector.py", line 241, in onTriggered
    pub_sub = self._qmlapp.pubSub
AttributeError: 'PySide6.QtQuick.QQuickItem' object has no attribute 'pubSub'
09:56:54 ? ()=>{} | file:///C:/Users/felji/PycharmProjects/Umi-OCR/resources/MainWindow/SystemTray.qml:560070480: RangeError: Maximum call stack size exceeded.
09:56:54 √ onTriggered | [SystemTrayConnector] 菜单项被点击: <<mainWin.open>>
09:56:54 √ onTriggered | [SystemTrayConnector] 尝试打开主窗口
09:56:54 × onTriggered | [SystemTrayConnector] 菜单项点击失败: 'PySide6.QtQuick.QQuickItem' object has no attribute 'mainWin'
Traceback (most recent call last):
  File "C:\Users\felji\PycharmProjects\Umi-OCR\src\utils\system_tray_connector.py", line 225, in onTriggered
    main_win = self._qmlapp.mainWin
AttributeError: 'PySide6.QtQuick.QQuickItem' object has no attribute 'mainWin'
09:56:55 ? ()=>{} | file:///C:/Users/felji/PycharmProjects/Umi-OCR/resources/MainWindow/SystemTray.qml:560070480: RangeError: Maximum call stack size exceeded.
09:56:55 √ onTriggered | [SystemTrayConnector] 菜单项被点击: <<paste>>
09:56:55 × onTriggered | [SystemTrayConnector] 菜单项点击失败: 'PySide6.QtQuick.QQuickItem' object has no attribute 'pubSub'
Traceback (most recent call last):
  File "C:\Users\felji\PycharmProjects\Umi-OCR\src\utils\system_tray_connector.py", line 241, in onTriggered
    pub_sub = self._qmlapp.pubSub
AttributeError: 'PySide6.QtQuick.QQuickItem' object has no attribute 'pubSub'
127.0.0.1 - - [25/Jan/2026 09:57:02] "POST /argv HTTP/1.1" 200 13
09:57:22 ? ()=>{} | file:///C:/Users/felji/PycharmProjects/Umi-OCR/resources/MainWindow/SystemTray.qml:560070672: RangeError: Maximum call stack size exceeded.
09:57:22   saveGeometry | 保存窗口位置 697,343,800,500
